=== EtherCAT Master - LICHUAN LC-E Series ===
Interface : enp2s0

Mode diagnostik: tidak mengaktifkan servo, meskipun rem sudah dilepas.
Konfirmasi rem: menunggu jawaban operator di terminal input /dev/pts/1 (akhiri dengan Enter).

Operator mengonfirmasi REM LEPAS; melanjutkan mode yang dipilih.
Mode: uji PDO/DC 5000 siklus, 1 ms; control word selalu 0x0000.
Profil ESI LC10E V1.04: 766/402/204, PDO 1702/1B02, 15/28 byte.
Slave count=1 VendorID=00000766 ProductCode=00000402 DC=1
Identitas EEPROM: name=EtherCAT Driver revision=00000204
Request slave 1 addr=0x1001 -> state=0x02: write WKC=0
SDO 6041:00: TX-WKC=1 RX-WKC=1 reply=6041:00 cmd=4B size=2/2 counter=1/1 OK
SDO 603F:00: TX-WKC=1 RX-WKC=1 reply=603F:00 cmd=4B size=2/2 counter=2/2 OK
SDO 6064:00: TX-WKC=1 RX-WKC=1 reply=6064:00 cmd=43 size=4/4 counter=3/3 OK
SDO 6061:00: TX-WKC=1 RX-WKC=1 reply=6061:00 cmd=4F size=1/1 counter=4/4 OK
Awal: SW=0250 ERR=0000 posisi=26130 mode=0
SDO 1C12:00: TX-WKC=1 RX-WKC=1 reply=1C12:00 cmd=4F size=1/1 counter=5/5 OK
SDO 1C12:01: TX-WKC=1 RX-WKC=1 reply=1C12:01 cmd=4B size=2/2 counter=6/6 OK
SDO 1702:00: TX-WKC=1 RX-WKC=1 reply=1702:00 cmd=4F size=1/1 counter=7/7 OK
Assignment 1C12 -> PDO 1702: 6 entri aktual
  Descriptor bersumber dari LC10E V1.04.xml (fixed PDO).
  1702:01 = 60400010 -> 6040:00, 16 bit
  1702:02 = 607A0020 -> 607A:00, 32 bit
  1702:03 = 60B80010 -> 60B8:00, 16 bit
  1702:04 = 60710010 -> 6071:00, 16 bit
  1702:05 = 607F0020 -> 607F:00, 32 bit
  1702:06 = 60600008 -> 6060:00, 8 bit
SDO 1C13:00: TX-WKC=1 RX-WKC=1 reply=1C13:00 cmd=4F size=1/1 counter=1/1 OK
SDO 1C13:01: TX-WKC=1 RX-WKC=1 reply=1C13:01 cmd=4B size=2/2 counter=2/2 OK
SDO 1B02:00: TX-WKC=1 RX-WKC=1 reply=1B02:00 cmd=4F size=1/1 counter=3/3 OK
Assignment 1C13 -> PDO 1B02: 9 entri aktual
  Descriptor bersumber dari LC10E V1.04.xml (fixed PDO).
  1B02:01 = 603F0010 -> 603F:00, 16 bit
  1B02:02 = 60410010 -> 6041:00, 16 bit
  1B02:03 = 60640020 -> 6064:00, 32 bit
  1B02:04 = 60770010 -> 6077:00, 16 bit
  1B02:05 = 60F40020 -> 60F4:00, 32 bit
  1B02:06 = 60B90010 -> 60B9:00, 16 bit
  1B02:07 = 60BA0020 -> 60BA:00, 32 bit
  1B02:08 = 60BC0020 -> 60BC:00, 32 bit
  1B02:09 = 60FD0020 -> 60FD:00, 32 bit
PDO 1702 tervalidasi: 15 byte.
PDO 1B02 tervalidasi: 28 byte.
Menggunakan assignment aktif tanpa menulis SDO/mengganti PDO.
SDO 6060:00: TX-WKC=1 RX-WKC=1 reply=6060:00 cmd=4F size=1/1 counter=4/4 OK
SDO 607F:00: TX-WKC=1 RX-WKC=1 reply=607F:00 cmd=43 size=4/4 counter=5/5 OK
SOEM config_map: Output=15 Input=28 byte
IOmap: total=44 expected=44; PDO=43 mailbox-status=1 expected=1
  Slave: O/I bytes=15/28 bits=120/224 startbit=0/0 offset=0/15
  Group: O/I bytes=15/28 offset=0/15; mailbox offset group/slave=43/43
SM2 readback: alamat=1200 ukuran=15 control=64 OK
SM3 readback: alamat=1300 ukuran=28 control=20 OK
SDO 1C12:00: TX-WKC=1 RX-WKC=1 reply=1C12:00 cmd=4F size=1/1 counter=6/6 OK
SDO 1C12:01: TX-WKC=1 RX-WKC=1 reply=1C12:01 cmd=4B size=2/2 counter=7/7 OK
SDO 1702:00: TX-WKC=1 RX-WKC=1 reply=1702:00 cmd=4F size=1/1 counter=1/1 OK
SDO 1C13:00: TX-WKC=1 RX-WKC=1 reply=1C13:00 cmd=4F size=1/1 counter=2/2 OK
SDO 1C13:01: TX-WKC=1 RX-WKC=1 reply=1C13:01 cmd=4B size=2/2 counter=3/3 OK
SDO 1B02:00: TX-WKC=1 RX-WKC=1 reply=1B02:00 cmd=4F size=1/1 counter=4/4 OK
Request slave 1 addr=0x1001 -> state=0x04: write WKC=1
DC readback: activation=0x03 cycle=1000000 ns (expect 1000000 ns).
DC SYNC0 aktif: 1000000 ns (readback OK).
SAFE-OP tercapai; expected WKC=3.
Request slave 1 addr=0x1001 -> state=0x08: write WKC=1
EtherCAT OP tercapai; control word tetap 0x0000.
[1/5000] WKC=3/3 SW=0250 ERR=0000 posisi=26103 DC=843659547449364256 ns
[1000/5000] WKC=3/3 SW=0250 ERR=0000 posisi=26102 DC=843659548448095816 ns
[2000/5000] WKC=3/3 SW=0250 ERR=0000 posisi=26102 DC=843659549448046856 ns
[3000/5000] WKC=3/3 SW=0250 ERR=0000 posisi=26102 DC=843659550449040256 ns
[4000/5000] WKC=3/3 SW=0250 ERR=0000 posisi=26103 DC=843659551449042936 ns
[5000/5000] WKC=3/3 SW=0250 ERR=0000 posisi=26103 DC=843659552449038536 ns
Timing: terlambat >=1 ms=54, keterlambatan maksimum=6186.1 us.
LULUS komunikasi: 5000 siklus WKC sesuai, OP bertahan, servo tidak enabled.
Request slave 1 addr=0x1001 -> state=0x02: write WKC=1
Assignment PDO tidak diubah oleh uji ini.
Request slave 1 addr=0x1001 -> state=0x01: write WKC=1
Selesai; tidak mengirim enable atau fault reset. Hasil=LULUS
